Archive member included to satisfy reference by file (symbol)

c:/program files (x86)/atmel/studio/7.0/toolchain/avr8/avr8-gnu-toolchain/bin/../lib/gcc/avr/5.4.0/avr5\libgcc.a(_divmodsi4.o)
                              ECUAL/LCD/LCD.o (__divmodsi4)
c:/program files (x86)/atmel/studio/7.0/toolchain/avr8/avr8-gnu-toolchain/bin/../lib/gcc/avr/5.4.0/avr5\libgcc.a(_negsi2.o)
                              c:/program files (x86)/atmel/studio/7.0/toolchain/avr8/avr8-gnu-toolchain/bin/../lib/gcc/avr/5.4.0/avr5\libgcc.a(_divmodsi4.o) (__negsi2)
c:/program files (x86)/atmel/studio/7.0/toolchain/avr8/avr8-gnu-toolchain/bin/../lib/gcc/avr/5.4.0/avr5\libgcc.a(_exit.o)
                              C:/Program Files (x86)/Atmel/Studio/7.0/Packs/atmel/ATmega_DFP/1.7.374/gcc/dev/atmega32/avr5/crtatmega32.o (exit)
c:/program files (x86)/atmel/studio/7.0/toolchain/avr8/avr8-gnu-toolchain/bin/../lib/gcc/avr/5.4.0/avr5\libgcc.a(_copy_data.o)
                              APPLICATION/APP.o (__do_copy_data)
c:/program files (x86)/atmel/studio/7.0/toolchain/avr8/avr8-gnu-toolchain/bin/../lib/gcc/avr/5.4.0/avr5\libgcc.a(_clear_bss.o)
                              APPLICATION/APP.o (__do_clear_bss)
c:/program files (x86)/atmel/studio/7.0/toolchain/avr8/avr8-gnu-toolchain/bin/../lib/gcc/avr/5.4.0/avr5\libgcc.a(_udivmodsi4.o)
                              c:/program files (x86)/atmel/studio/7.0/toolchain/avr8/avr8-gnu-toolchain/bin/../lib/gcc/avr/5.4.0/avr5\libgcc.a(_divmodsi4.o) (__udivmodsi4)

Discarded input sections

 .data          0x00000000        0x0 C:/Program Files (x86)/Atmel/Studio/7.0/Packs/atmel/ATmega_DFP/1.7.374/gcc/dev/atmega32/avr5/crtatmega32.o
 .bss           0x00000000        0x0 C:/Program Files (x86)/Atmel/Studio/7.0/Packs/atmel/ATmega_DFP/1.7.374/gcc/dev/atmega32/avr5/crtatmega32.o
 .text          0x00000000        0x0 APPLICATION/APP.o
 .data          0x00000000        0x0 APPLICATION/APP.o
 .bss           0x00000000        0x0 APPLICATION/APP.o
 .text          0x00000000        0x0 ECUAL/BUTTON/BUTTON.o
 .data          0x00000000        0x0 ECUAL/BUTTON/BUTTON.o
 .bss           0x00000000        0x0 ECUAL/BUTTON/BUTTON.o
 .text.BUTTON_read
                0x00000000        0x6 ECUAL/BUTTON/BUTTON.o
 .text          0x00000000        0x0 ECUAL/KEYPAD/KEYPAD.o
 .data          0x00000000        0x0 ECUAL/KEYPAD/KEYPAD.o
 .bss           0x00000000        0x0 ECUAL/KEYPAD/KEYPAD.o
 .rodata.keypad_matrix
                0x00000000       0x10 ECUAL/KEYPAD/KEYPAD.o
 .text          0x00000000        0x0 ECUAL/LCD/LCD.o
 .data          0x00000000        0x0 ECUAL/LCD/LCD.o
 .bss           0x00000000        0x0 ECUAL/LCD/LCD.o
 .text.LCD_write_string
                0x00000000       0x26 ECUAL/LCD/LCD.o
 .text          0x00000000        0x0 ECUAL/SEVEN_SEG/SEVEN_SEG.o
 .data          0x00000000        0x0 ECUAL/SEVEN_SEG/SEVEN_SEG.o
 .bss           0x00000000        0x0 ECUAL/SEVEN_SEG/SEVEN_SEG.o
 .text          0x00000000        0x0 main.o
 .data          0x00000000        0x0 main.o
 .bss           0x00000000        0x0 main.o
 .text          0x00000000        0x0 MCAL/DIO/DIO.o
 .data          0x00000000        0x0 MCAL/DIO/DIO.o
 .bss           0x00000000        0x0 MCAL/DIO/DIO.o
 .text.DIO_toggle
                0x00000000       0x68 MCAL/DIO/DIO.o
 .text          0x00000000        0x0 MCAL/EX_INTERRUPT/EX_INTERRUPT.o
 .data          0x00000000        0x0 MCAL/EX_INTERRUPT/EX_INTERRUPT.o
 .bss           0x00000000        0x0 MCAL/EX_INTERRUPT/EX_INTERRUPT.o
 .text.EX_INTERRUPT_init
                0x00000000       0xe8 MCAL/EX_INTERRUPT/EX_INTERRUPT.o
 .text          0x00000000        0x0 MCAL/TIMER/TIMER0.o
 .data          0x00000000        0x0 MCAL/TIMER/TIMER0.o
 .bss           0x00000000        0x0 MCAL/TIMER/TIMER0.o
 .text.TIMER0_normalMode_init
                0x00000000       0x20 MCAL/TIMER/TIMER0.o
 .text.TIMER0_ctcMode_init
                0x00000000       0x2e MCAL/TIMER/TIMER0.o
 .text.TIMER0_ctcMode_stop
                0x00000000        0xa MCAL/TIMER/TIMER0.o
 .text.TIMER0_write
                0x00000000        0x4 MCAL/TIMER/TIMER0.o
 .text          0x00000000        0x0 MCAL/TIMER/TIMER1.o
 .data          0x00000000        0x0 MCAL/TIMER/TIMER1.o
 .bss           0x00000000        0x0 MCAL/TIMER/TIMER1.o
 .text.TIMER1_normalMode_init
                0x00000000       0x20 MCAL/TIMER/TIMER1.o
 .text.TIMER1_write
                0x00000000        0x6 MCAL/TIMER/TIMER1.o
 .text          0x00000000        0x0 MCAL/TIMER/TIMER2.o
 .data          0x00000000        0x0 MCAL/TIMER/TIMER2.o
 .bss           0x00000000        0x0 MCAL/TIMER/TIMER2.o
 .text.TIMER2_normalMode_init
                0x00000000       0x26 MCAL/TIMER/TIMER2.o
 .text.TIMER2_ctcMode_stop
                0x00000000        0xa MCAL/TIMER/TIMER2.o
 .text.TIMER2_write
                0x00000000        0x4 MCAL/TIMER/TIMER2.o
 .text          0x00000000        0x0 SERVICES/DELAY/DELAY_MS.o
 .data          0x00000000        0x0 SERVICES/DELAY/DELAY_MS.o
 .bss           0x00000000        0x0 SERVICES/DELAY/DELAY_MS.o
 .text          0x00000000        0x0 c:/program files (x86)/atmel/studio/7.0/toolchain/avr8/avr8-gnu-toolchain/bin/../lib/gcc/avr/5.4.0/avr5\libgcc.a(_divmodsi4.o)
 .data          0x00000000        0x0 c:/program files (x86)/atmel/studio/7.0/toolchain/avr8/avr8-gnu-toolchain/bin/../lib/gcc/avr/5.4.0/avr5\libgcc.a(_divmodsi4.o)
 .bss           0x00000000        0x0 c:/program files (x86)/atmel/studio/7.0/toolchain/avr8/avr8-gnu-toolchain/bin/../lib/gcc/avr/5.4.0/avr5\libgcc.a(_divmodsi4.o)
 .text.libgcc.mul
                0x00000000        0x0 c:/program files (x86)/atmel/studio/7.0/toolchain/avr8/avr8-gnu-toolchain/bin/../lib/gcc/avr/5.4.0/avr5\libgcc.a(_divmodsi4.o)
 .text.libgcc   0x00000000        0x0 c:/program files (x86)/atmel/studio/7.0/toolchain/avr8/avr8-gnu-toolchain/bin/../lib/gcc/avr/5.4.0/avr5\libgcc.a(_divmodsi4.o)
 .text.libgcc.prologue
                0x00000000        0x0 c:/program files (x86)/atmel/studio/7.0/toolchain/avr8/avr8-gnu-toolchain/bin/../lib/gcc/avr/5.4.0/avr5\libgcc.a(_divmodsi4.o)
 .text.libgcc.builtins
                0x00000000        0x0 c:/program files (x86)/atmel/studio/7.0/toolchain/avr8/avr8-gnu-toolchain/bin/../lib/gcc/avr/5.4.0/avr5\libgcc.a(_divmodsi4.o)
 .text.libgcc.fmul
                0x00000000        0x0 c:/program files (x86)/atmel/studio/7.0/toolchain/avr8/avr8-gnu-toolchain/bin/../lib/gcc/avr/5.4.0/avr5\libgcc.a(_divmodsi4.o)
 .text.libgcc.fixed
                0x00000000        0x0 c:/program files (x86)/atmel/studio/7.0/toolchain/avr8/avr8-gnu-toolchain/bin/../lib/gcc/avr/5.4.0/avr5\libgcc.a(_divmodsi4.o)
 .text          0x00000000        0x0 c:/program files (x86)/atmel/studio/7.0/toolchain/avr8/avr8-gnu-toolchain/bin/../lib/gcc/avr/5.4.0/avr5\libgcc.a(_negsi2.o)
 .data          0x00000000        0x0 c:/program files (x86)/atmel/studio/7.0/toolchain/avr8/avr8-gnu-toolchain/bin/../lib/gcc/avr/5.4.0/avr5\libgcc.a(_negsi2.o)
 .bss           0x00000000        0x0 c:/program files (x86)/atmel/studio/7.0/toolchain/avr8/avr8-gnu-toolchain/bin/../lib/gcc/avr/5.4.0/avr5\libgcc.a(_negsi2.o)
 .text.libgcc.mul
                0x00000000        0x0 c:/program files (x86)/atmel/studio/7.0/toolchain/avr8/avr8-gnu-toolchain/bin/../lib/gcc/avr/5.4.0/avr5\libgcc.a(_negsi2.o)
 .text.libgcc   0x00000000        0x0 c:/program files (x86)/atmel/studio/7.0/toolchain/avr8/avr8-gnu-toolchain/bin/../lib/gcc/avr/5.4.0/avr5\libgcc.a(_negsi2.o)
 .text.libgcc.prologue
                0x00000000        0x0 c:/program files (x86)/atmel/studio/7.0/toolchain/avr8/avr8-gnu-toolchain/bin/../lib/gcc/avr/5.4.0/avr5\libgcc.a(_negsi2.o)
 .text.libgcc.builtins
                0x00000000        0x0 c:/program files (x86)/atmel/studio/7.0/toolchain/avr8/avr8-gnu-toolchain/bin/../lib/gcc/avr/5.4.0/avr5\libgcc.a(_negsi2.o)
 .text.libgcc.fmul
                0x00000000        0x0 c:/program files (x86)/atmel/studio/7.0/toolchain/avr8/avr8-gnu-toolchain/bin/../lib/gcc/avr/5.4.0/avr5\libgcc.a(_negsi2.o)
 .text.libgcc.fixed
                0x00000000        0x0 c:/program files (x86)/atmel/studio/7.0/toolchain/avr8/avr8-gnu-toolchain/bin/../lib/gcc/avr/5.4.0/avr5\libgcc.a(_negsi2.o)
 .text          0x00000000        0x0 c:/program files (x86)/atmel/studio/7.0/toolchain/avr8/avr8-gnu-toolchain/bin/../lib/gcc/avr/5.4.0/avr5\libgcc.a(_exit.o)
 .data          0x00000000        0x0 c:/program files (x86)/atmel/studio/7.0/toolchain/avr8/avr8-gnu-toolchain/bin/../lib/gcc/avr/5.4.0/avr5\libgcc.a(_exit.o)
 .bss           0x00000000        0x0 c:/program files (x86)/atmel/studio/7.0/toolchain/avr8/avr8-gnu-toolchain/bin/../lib/gcc/avr/5.4.0/avr5\libgcc.a(_exit.o)
 .text.libgcc.mul
                0x00000000        0x0 c:/program files (x86)/atmel/studio/7.0/toolchain/avr8/avr8-gnu-toolchain/bin/../lib/gcc/avr/5.4.0/avr5\libgcc.a(_exit.o)
 .text.libgcc.div
                0x00000000        0x0 c:/program files (x86)/atmel/studio/7.0/toolchain/avr8/avr8-gnu-toolchain/bin/../lib/gcc/avr/5.4.0/avr5\libgcc.a(_exit.o)
 .text.libgcc   0x00000000        0x0 c:/program files (x86)/atmel/studio/7.0/toolchain/avr8/avr8-gnu-toolchain/bin/../lib/gcc/avr/5.4.0/avr5\libgcc.a(_exit.o)
 .text.libgcc.prologue
                0x00000000        0x0 c:/program files (x86)/atmel/studio/7.0/toolchain/avr8/avr8-gnu-toolchain/bin/../lib/gcc/avr/5.4.0/avr5\libgcc.a(_exit.o)
 .text.libgcc.builtins
                0x00000000        0x0 c:/program files (x86)/atmel/studio/7.0/toolchain/avr8/avr8-gnu-toolchain/bin/../lib/gcc/avr/5.4.0/avr5\libgcc.a(_exit.o)
 .text.libgcc.fmul
                0x00000000        0x0 c:/program files (x86)/atmel/studio/7.0/toolchain/avr8/avr8-gnu-toolchain/bin/../lib/gcc/avr/5.4.0/avr5\libgcc.a(_exit.o)
 .text.libgcc.fixed
                0x00000000        0x0 c:/program files (x86)/atmel/studio/7.0/toolchain/avr8/avr8-gnu-toolchain/bin/../lib/gcc/avr/5.4.0/avr5\libgcc.a(_exit.o)
 .text          0x00000000        0x0 c:/program files (x86)/atmel/studio/7.0/toolchain/avr8/avr8-gnu-toolchain/bin/../lib/gcc/avr/5.4.0/avr5\libgcc.a(_copy_data.o)
 .data          0x00000000        0x0 c:/program files (x86)/atmel/studio/7.0/toolchain/avr8/avr8-gnu-toolchain/bin/../lib/gcc/avr/5.4.0/avr5\libgcc.a(_copy_data.o)
 .bss           0x00000000        0x0 c:/program files (x86)/atmel/studio/7.0/toolchain/avr8/avr8-gnu-toolchain/bin/../lib/gcc/avr/5.4.0/avr5\libgcc.a(_copy_data.o)
 .text.libgcc.mul
                0x00000000        0x0 c:/program files (x86)/atmel/studio/7.0/toolchain/avr8/avr8-gnu-toolchain/bin/../lib/gcc/avr/5.4.0/avr5\libgcc.a(_copy_data.o)
 .text.libgcc.div
                0x00000000        0x0 c:/program files (x86)/atmel/studio/7.0/toolchain/avr8/avr8-gnu-toolchain/bin/../lib/gcc/avr/5.4.0/avr5\libgcc.a(_copy_data.o)
 .text.libgcc   0x00000000        0x0 c:/program files (x86)/atmel/studio/7.0/toolchain/avr8/avr8-gnu-toolchain/bin/../lib/gcc/avr/5.4.0/avr5\libgcc.a(_copy_data.o)
 .text.libgcc.prologue
                0x00000000        0x0 c:/program files (x86)/atmel/studio/7.0/toolchain/avr8/avr8-gnu-toolchain/bin/../lib/gcc/avr/5.4.0/avr5\libgcc.a(_copy_data.o)
 .text.libgcc.builtins
                0x00000000        0x0 c:/program files (x86)/atmel/studio/7.0/toolchain/avr8/avr8-gnu-toolchain/bin/../lib/gcc/avr/5.4.0/avr5\libgcc.a(_copy_data.o)
 .text.libgcc.fmul
                0x00000000        0x0 c:/program files (x86)/atmel/studio/7.0/toolchain/avr8/avr8-gnu-toolchain/bin/../lib/gcc/avr/5.4.0/avr5\libgcc.a(_copy_data.o)
 .text.libgcc.fixed
                0x00000000        0x0 c:/program files (x86)/atmel/studio/7.0/toolchain/avr8/avr8-gnu-toolchain/bin/../lib/gcc/avr/5.4.0/avr5\libgcc.a(_copy_data.o)
 .text          0x00000000        0x0 c:/program files (x86)/atmel/studio/7.0/toolchain/avr8/avr8-gnu-toolchain/bin/../lib/gcc/avr/5.4.0/avr5\libgcc.a(_clear_bss.o)
 .data          0x00000000        0x0 c:/program files (x86)/atmel/studio/7.0/toolchain/avr8/avr8-gnu-toolchain/bin/../lib/gcc/avr/5.4.0/avr5\libgcc.a(_clear_bss.o)
 .bss           0x00000000        0x0 c:/program files (x86)/atmel/studio/7.0/toolchain/avr8/avr8-gnu-toolchain/bin/../lib/gcc/avr/5.4.0/avr5\libgcc.a(_clear_bss.o)
 .text.libgcc.mul
                0x00000000        0x0 c:/program files (x86)/atmel/studio/7.0/toolchain/avr8/avr8-gnu-toolchain/bin/../lib/gcc/avr/5.4.0/avr5\libgcc.a(_clear_bss.o)
 .text.libgcc.div
                0x00000000        0x0 c:/program files (x86)/atmel/studio/7.0/toolchain/avr8/avr8-gnu-toolchain/bin/../lib/gcc/avr/5.4.0/avr5\libgcc.a(_clear_bss.o)
 .text.libgcc   0x00000000        0x0 c:/program files (x86)/atmel/studio/7.0/toolchain/avr8/avr8-gnu-toolchain/bin/../lib/gcc/avr/5.4.0/avr5\libgcc.a(_clear_bss.o)
 .text.libgcc.prologue
                0x00000000        0x0 c:/program files (x86)/atmel/studio/7.0/toolchain/avr8/avr8-gnu-toolchain/bin/../lib/gcc/avr/5.4.0/avr5\libgcc.a(_clear_bss.o)
 .text.libgcc.builtins
                0x00000000        0x0 c:/program files (x86)/atmel/studio/7.0/toolchain/avr8/avr8-gnu-toolchain/bin/../lib/gcc/avr/5.4.0/avr5\libgcc.a(_clear_bss.o)
 .text.libgcc.fmul
                0x00000000        0x0 c:/program files (x86)/atmel/studio/7.0/toolchain/avr8/avr8-gnu-toolchain/bin/../lib/gcc/avr/5.4.0/avr5\libgcc.a(_clear_bss.o)
 .text.libgcc.fixed
                0x00000000        0x0 c:/program files (x86)/atmel/studio/7.0/toolchain/avr8/avr8-gnu-toolchain/bin/../lib/gcc/avr/5.4.0/avr5\libgcc.a(_clear_bss.o)
 .text          0x00000000        0x0 c:/program files (x86)/atmel/studio/7.0/toolchain/avr8/avr8-gnu-toolchain/bin/../lib/gcc/avr/5.4.0/avr5\libgcc.a(_udivmodsi4.o)
 .data          0x00000000        0x0 c:/program files (x86)/atmel/studio/7.0/toolchain/avr8/avr8-gnu-toolchain/bin/../lib/gcc/avr/5.4.0/avr5\libgcc.a(_udivmodsi4.o)
 .bss           0x00000000        0x0 c:/program files (x86)/atmel/studio/7.0/toolchain/avr8/avr8-gnu-toolchain/bin/../lib/gcc/avr/5.4.0/avr5\libgcc.a(_udivmodsi4.o)
 .text.libgcc.mul
                0x00000000        0x0 c:/program files (x86)/atmel/studio/7.0/toolchain/avr8/avr8-gnu-toolchain/bin/../lib/gcc/avr/5.4.0/avr5\libgcc.a(_udivmodsi4.o)
 .text.libgcc   0x00000000        0x0 c:/program files (x86)/atmel/studio/7.0/toolchain/avr8/avr8-gnu-toolchain/bin/../lib/gcc/avr/5.4.0/avr5\libgcc.a(_udivmodsi4.o)
 .text.libgcc.prologue
                0x00000000        0x0 c:/program files (x86)/atmel/studio/7.0/toolchain/avr8/avr8-gnu-toolchain/bin/../lib/gcc/avr/5.4.0/avr5\libgcc.a(_udivmodsi4.o)
 .text.libgcc.builtins
                0x00000000        0x0 c:/program files (x86)/atmel/studio/7.0/toolchain/avr8/avr8-gnu-toolchain/bin/../lib/gcc/avr/5.4.0/avr5\libgcc.a(_udivmodsi4.o)
 .text.libgcc.fmul
                0x00000000        0x0 c:/program files (x86)/atmel/studio/7.0/toolchain/avr8/avr8-gnu-toolchain/bin/../lib/gcc/avr/5.4.0/avr5\libgcc.a(_udivmodsi4.o)
 .text.libgcc.fixed
                0x00000000        0x0 c:/program files (x86)/atmel/studio/7.0/toolchain/avr8/avr8-gnu-toolchain/bin/../lib/gcc/avr/5.4.0/avr5\libgcc.a(_udivmodsi4.o)

Memory Configuration

Name             Origin             Length             Attributes
text             0x00000000         0x00008000         xr
data             0x00800060         0x00000800         rw !x
eeprom           0x00810000         0x00000400         rw !x
fuse             0x00820000         0x00000002         rw !x
lock             0x00830000         0x00000400         rw !x
signature        0x00840000         0x00000400         rw !x
user_signatures  0x00850000         0x00000400         rw !x
*default*        0x00000000         0xffffffff

Linker script and memory map

LOAD C:/Program Files (x86)/Atmel/Studio/7.0/Packs/atmel/ATmega_DFP/1.7.374/gcc/dev/atmega32/avr5/crtatmega32.o
LOAD APPLICATION/APP.o
LOAD ECUAL/BUTTON/BUTTON.o
LOAD ECUAL/KEYPAD/KEYPAD.o
LOAD ECUAL/LCD/LCD.o
LOAD ECUAL/SEVEN_SEG/SEVEN_SEG.o
LOAD main.o
LOAD MCAL/DIO/DIO.o
LOAD MCAL/EX_INTERRUPT/EX_INTERRUPT.o
LOAD MCAL/TIMER/TIMER0.o
LOAD MCAL/TIMER/TIMER1.o
LOAD MCAL/TIMER/TIMER2.o
LOAD SERVICES/DELAY/DELAY_MS.o
START GROUP
LOAD c:/program files (x86)/atmel/studio/7.0/toolchain/avr8/avr8-gnu-toolchain/bin/../lib/gcc/avr/5.4.0/../../../../avr/lib/avr5\libm.a
END GROUP
START GROUP
LOAD c:/program files (x86)/atmel/studio/7.0/toolchain/avr8/avr8-gnu-toolchain/bin/../lib/gcc/avr/5.4.0/avr5\libgcc.a
LOAD c:/program files (x86)/atmel/studio/7.0/toolchain/avr8/avr8-gnu-toolchain/bin/../lib/gcc/avr/5.4.0/../../../../avr/lib/avr5\libm.a
LOAD c:/program files (x86)/atmel/studio/7.0/toolchain/avr8/avr8-gnu-toolchain/bin/../lib/gcc/avr/5.4.0/../../../../avr/lib/avr5\libc.a
LOAD C:/Program Files (x86)/Atmel/Studio/7.0/Packs/atmel/ATmega_DFP/1.7.374/gcc/dev/atmega32/avr5\libatmega32.a
END GROUP
                0x00000000                __TEXT_REGION_ORIGIN__ = DEFINED (__TEXT_REGION_ORIGIN__)?__TEXT_REGION_ORIGIN__:0x0
                [0x00800060]                __DATA_REGION_ORIGIN__ = DEFINED (__DATA_REGION_ORIGIN__)?__DATA_REGION_ORIGIN__:0x800060
                [0x00008000]                __TEXT_REGION_LENGTH__ = DEFINED (__TEXT_REGION_LENGTH__)?__TEXT_REGION_LENGTH__:0x20000
                [0x00000800]                __DATA_REGION_LENGTH__ = DEFINED (__DATA_REGION_LENGTH__)?__DATA_REGION_LENGTH__:0xffa0
                [0x00000400]                __EEPROM_REGION_LENGTH__ = DEFINED (__EEPROM_REGION_LENGTH__)?__EEPROM_REGION_LENGTH__:0x10000
                [0x00000002]                __FUSE_REGION_LENGTH__ = DEFINED (__FUSE_REGION_LENGTH__)?__FUSE_REGION_LENGTH__:0x400
                0x00000400                __LOCK_REGION_LENGTH__ = DEFINED (__LOCK_REGION_LENGTH__)?__LOCK_REGION_LENGTH__:0x400
                0x00000400                __SIGNATURE_REGION_LENGTH__ = DEFINED (__SIGNATURE_REGION_LENGTH__)?__SIGNATURE_REGION_LENGTH__:0x400
                0x00000400                __USER_SIGNATURE_REGION_LENGTH__ = DEFINED (__USER_SIGNATURE_REGION_LENGTH__)?__USER_SIGNATURE_REGION_LENGTH__:0x400

.hash
 *(.hash)

.dynsym
 *(.dynsym)

.dynstr
 *(.dynstr)

.gnu.version
 *(.gnu.version)

.gnu.version_d
 *(.gnu.version_d)

.gnu.version_r
 *(.gnu.version_r)

.rel.init
 *(.rel.init)

.rela.init
 *(.rela.init)

.rel.text
 *(.rel.text)
 *(.rel.text.*)
 *(.rel.gnu.linkonce.t*)

.rela.text
 *(.rela.text)
 *(.rela.text.*)
 *(.rela.gnu.linkonce.t*)

.rel.fini
 *(.rel.fini)

.rela.fini
 *(.rela.fini)

.rel.rodata
 *(.rel.rodata)
 *(.rel.rodata.*)
 *(.rel.gnu.linkonce.r*)

.rela.rodata
 *(.rela.rodata)
 *(.rela.rodata.*)
 *(.rela.gnu.linkonce.r*)

.rel.data
 *(.rel.data)
 *(.rel.data.*)
 *(.rel.gnu.linkonce.d*)

.rela.data
 *(.rela.data)
 *(.rela.data.*)
 *(.rela.gnu.linkonce.d*)

.rel.ctors
 *(.rel.ctors)

.rela.ctors
 *(.rela.ctors)

.rel.dtors
 *(.rel.dtors)

.rela.dtors
 *(.rela.dtors)

.rel.got
 *(.rel.got)

.rela.got
 *(.rela.got)

.rel.bss
 *(.rel.bss)

.rela.bss
 *(.rela.bss)

.rel.plt
 *(.rel.plt)

.rela.plt
 *(.rela.plt)

.text           0x00000000     0x1048
 *(.vectors)
 .vectors       0x00000000       0x54 C:/Program Files (x86)/Atmel/Studio/7.0/Packs/atmel/ATmega_DFP/1.7.374/gcc/dev/atmega32/avr5/crtatmega32.o
                0x00000000                __vector_default
                0x00000000                __vectors
 *(.vectors)
 *(.progmem.gcc*)
                0x00000054                . = ALIGN (0x2)
                0x00000054                __trampolines_start = .
 *(.trampolines)
 .trampolines   0x00000054        0x0 linker stubs
 *(.trampolines*)
                0x00000054                __trampolines_end = .
 *libprintf_flt.a:*(.progmem.data)
 *libc.a:*(.progmem.data)
 *(.progmem*)
                0x00000054                . = ALIGN (0x2)
 *(.jumptables)
 *(.jumptables*)
 *(.lowtext)
 *(.lowtext*)
                0x00000054                __ctors_start = .
 *(.ctors)
                0x00000054                __ctors_end = .
                0x00000054                __dtors_start = .
 *(.dtors)
                0x00000054                __dtors_end = .
 SORT(*)(.ctors)
 SORT(*)(.dtors)
 *(.init0)
 .init0         0x00000054        0x0 C:/Program Files (x86)/Atmel/Studio/7.0/Packs/atmel/ATmega_DFP/1.7.374/gcc/dev/atmega32/avr5/crtatmega32.o
                0x00000054                __init
 *(.init0)
 *(.init1)
 *(.init1)
 *(.init2)
 .init2         0x00000054        0xc C:/Program Files (x86)/Atmel/Studio/7.0/Packs/atmel/ATmega_DFP/1.7.374/gcc/dev/atmega32/avr5/crtatmega32.o
 *(.init2)
 *(.init3)
 *(.init3)
 *(.init4)
 .init4         0x00000060       0x16 c:/program files (x86)/atmel/studio/7.0/toolchain/avr8/avr8-gnu-toolchain/bin/../lib/gcc/avr/5.4.0/avr5\libgcc.a(_copy_data.o)
                0x00000060                __do_copy_data
 .init4         0x00000076       0x10 c:/program files (x86)/atmel/studio/7.0/toolchain/avr8/avr8-gnu-toolchain/bin/../lib/gcc/avr/5.4.0/avr5\libgcc.a(_clear_bss.o)
                0x00000076                __do_clear_bss
 *(.init4)
 *(.init5)
 *(.init5)
 *(.init6)
 *(.init6)
 *(.init7)
 *(.init7)
 *(.init8)
 *(.init8)
 *(.init9)
 .init9         0x00000086        0x8 C:/Program Files (x86)/Atmel/Studio/7.0/Packs/atmel/ATmega_DFP/1.7.374/gcc/dev/atmega32/avr5/crtatmega32.o
 *(.init9)
 *(.text)
 .text          0x0000008e        0x4 C:/Program Files (x86)/Atmel/Studio/7.0/Packs/atmel/ATmega_DFP/1.7.374/gcc/dev/atmega32/avr5/crtatmega32.o
                0x0000008e                __vector_12
                0x0000008e                __bad_interrupt
                0x0000008e                __vector_6
                0x0000008e                __vector_11
                0x0000008e                __vector_13
                0x0000008e                __vector_17
                0x0000008e                __vector_19
                0x0000008e                __vector_5
                0x0000008e                __vector_9
                0x0000008e                __vector_15
                0x0000008e                __vector_8
                0x0000008e                __vector_14
                0x0000008e                __vector_16
                0x0000008e                __vector_18
                0x0000008e                __vector_20
                0x00000092                . = ALIGN (0x2)
 *(.text.*)
 .text.increment_seconds
                0x00000092      0x156 APPLICATION/APP.o
                0x00000092                increment_seconds
 .text.APP_init
                0x000001e8       0x20 APPLICATION/APP.o
                0x000001e8                APP_init
 .text.get_key_value
                0x00000208       0x22 APPLICATION/APP.o
                0x00000208                get_key_value
 .text.APP_loop
                0x0000022a      0x1e4 APPLICATION/APP.o
                0x0000022a                APP_loop
 .text.BUTTON_init
                0x0000040e       0x1e ECUAL/BUTTON/BUTTON.o
                0x0000040e                BUTTON_init
 .text.KEYPAD_init
                0x0000042c       0x7a ECUAL/KEYPAD/KEYPAD.o
                0x0000042c                KEYPAD_init
 .text.KEYPAD_read
                0x000004a6      0x1dc ECUAL/KEYPAD/KEYPAD.o
                0x000004a6                KEYPAD_read
 .text.LCD_write_command
                0x00000682      0x12a ECUAL/LCD/LCD.o
                0x00000682                LCD_write_command
 .text.LCD_init
                0x000007ac       0x94 ECUAL/LCD/LCD.o
                0x000007ac                LCD_init
 .text.LCD_write_data
                0x00000840      0x12a ECUAL/LCD/LCD.o
                0x00000840                LCD_write_data
 .text.LCD_write_number
                0x0000096a       0xca ECUAL/LCD/LCD.o
                0x0000096a                LCD_write_number
 .text.SEVEN_SEG_init_enables
                0x00000a34       0x3e ECUAL/SEVEN_SEG/SEVEN_SEG.o
                0x00000a34                SEVEN_SEG_init_enables
 .text.SEVEN_SEG_init
                0x00000a72        0xe ECUAL/SEVEN_SEG/SEVEN_SEG.o
                0x00000a72                SEVEN_SEG_init
 .text.SEVEN_SEG_write_digit
                0x00000a80       0x30 ECUAL/SEVEN_SEG/SEVEN_SEG.o
                0x00000a80                SEVEN_SEG_write_digit
 .text.main     0x00000ab0        0xe main.o
                0x00000ab0                main
 .text.DIO_init_pin
                0x00000abe       0xe2 MCAL/DIO/DIO.o
                0x00000abe                DIO_init_pin
 .text.DIO_init_port
                0x00000ba0       0x52 MCAL/DIO/DIO.o
                0x00000ba0                DIO_init_port
 .text.DIO_write
                0x00000bf2       0xe2 MCAL/DIO/DIO.o
                0x00000bf2                DIO_write
 .text.DIO_write_port
                0x00000cd4       0x20 MCAL/DIO/DIO.o
                0x00000cd4                DIO_write_port
 .text.DIO_read
                0x00000cf4       0x5c MCAL/DIO/DIO.o
                0x00000cf4                DIO_read
 .text.__vector_1
                0x00000d50       0x52 MCAL/EX_INTERRUPT/EX_INTERRUPT.o
                0x00000d50                __vector_1
 .text.__vector_2
                0x00000da2       0x52 MCAL/EX_INTERRUPT/EX_INTERRUPT.o
                0x00000da2                __vector_2
 .text.__vector_3
                0x00000df4       0x52 MCAL/EX_INTERRUPT/EX_INTERRUPT.o
                0x00000df4                __vector_3
 .text.__vector_10
                0x00000e46       0x14 MCAL/TIMER/TIMER0.o
                0x00000e46                __vector_10
 .text.TIMER1_ctcMode_init
                0x00000e5a       0x36 MCAL/TIMER/TIMER1.o
                0x00000e5a                TIMER1_ctcMode_init
 .text.TIMER1_ctcMode_stop
                0x00000e90        0xc MCAL/TIMER/TIMER1.o
                0x00000e90                TIMER1_ctcMode_stop
 .text.__vector_7
                0x00000e9c       0x52 MCAL/TIMER/TIMER1.o
                0x00000e9c                __vector_7
 .text.TIMER2_ctcMode_init
                0x00000eee       0x3c MCAL/TIMER/TIMER2.o
                0x00000eee                TIMER2_ctcMode_init
 .text.__vector_4
                0x00000f2a       0x52 MCAL/TIMER/TIMER2.o
                0x00000f2a                __vector_4
 .text.timer1_ptr_function
                0x00000f7c       0x14 SERVICES/DELAY/DELAY_MS.o
                0x00000f7c                timer1_ptr_function
 .text.delay_ms
                0x00000f90       0x32 SERVICES/DELAY/DELAY_MS.o
                0x00000f90                delay_ms
 .text.libgcc.div
                0x00000fc2       0x2e c:/program files (x86)/atmel/studio/7.0/toolchain/avr8/avr8-gnu-toolchain/bin/../lib/gcc/avr/5.4.0/avr5\libgcc.a(_divmodsi4.o)
                0x00000fc2                __divmodsi4
 .text.libgcc.div
                0x00000ff0       0x10 c:/program files (x86)/atmel/studio/7.0/toolchain/avr8/avr8-gnu-toolchain/bin/../lib/gcc/avr/5.4.0/avr5\libgcc.a(_negsi2.o)
                0x00000ff0                __negsi2
 .text.libgcc.div
                0x00001000       0x44 c:/program files (x86)/atmel/studio/7.0/toolchain/avr8/avr8-gnu-toolchain/bin/../lib/gcc/avr/5.4.0/avr5\libgcc.a(_udivmodsi4.o)
                0x00001000                __udivmodsi4
                0x00001044                . = ALIGN (0x2)
 *(.fini9)
 .fini9         0x00001044        0x0 c:/program files (x86)/atmel/studio/7.0/toolchain/avr8/avr8-gnu-toolchain/bin/../lib/gcc/avr/5.4.0/avr5\libgcc.a(_exit.o)
                0x00001044                _exit
                0x00001044                exit
 *(.fini9)
 *(.fini8)
 *(.fini8)
 *(.fini7)
 *(.fini7)
 *(.fini6)
 *(.fini6)
 *(.fini5)
 *(.fini5)
 *(.fini4)
 *(.fini4)
 *(.fini3)
 *(.fini3)
 *(.fini2)
 *(.fini2)
 *(.fini1)
 *(.fini1)
 *(.fini0)
 .fini0         0x00001044        0x4 c:/program files (x86)/atmel/studio/7.0/toolchain/avr8/avr8-gnu-toolchain/bin/../lib/gcc/avr/5.4.0/avr5\libgcc.a(_exit.o)
 *(.fini0)
                0x00001048                _etext = .

.data           0x00800060        0xe load address 0x00001048
                0x00800060                PROVIDE (__data_start, .)
 *(.data)
 *(.data*)
 .data.hours    0x00800060        0x1 APPLICATION/APP.o
 .data.minutes  0x00800061        0x1 APPLICATION/APP.o
 .data.seconds  0x00800062        0x1 APPLICATION/APP.o
 .data.seg_decoder
                0x00800063        0xa ECUAL/SEVEN_SEG/SEVEN_SEG.o
                0x00800063                seg_decoder
 *(.gnu.linkonce.d*)
 *(.rodata)
 *(.rodata*)
 *(.gnu.linkonce.r*)
                0x0080006e                . = ALIGN (0x2)
 *fill*         0x0080006d        0x1 
                0x0080006e                _edata = .
                0x0080006e                PROVIDE (__data_end, .)

.bss            0x0080006e       0x12
                0x0080006e                PROVIDE (__bss_start, .)
 *(.bss)
 *(.bss*)
 .bss.seg_counter.1714
                0x0080006e        0x1 APPLICATION/APP.o
 .bss.ovf_counter.1713
                0x0080006f        0x2 APPLICATION/APP.o
 .bss.mode      0x00800071        0x1 APPLICATION/APP.o
                0x00800071                mode
 .bss.flag      0x00800072        0x1 APPLICATION/APP.o
 .bss.edit_click
                0x00800073        0x1 APPLICATION/APP.o
 .bss.INT2_Fptr
                0x00800074        0x2 MCAL/EX_INTERRUPT/EX_INTERRUPT.o
 .bss.INT1_Fptr
                0x00800076        0x2 MCAL/EX_INTERRUPT/EX_INTERRUPT.o
 .bss.INT0_Fptr
                0x00800078        0x2 MCAL/EX_INTERRUPT/EX_INTERRUPT.o
 .bss.TIMER1_ctc_Fptr
                0x0080007a        0x2 MCAL/TIMER/TIMER1.o
 .bss.TIMER2_ctc_Fptr
                0x0080007c        0x2 MCAL/TIMER/TIMER2.o
 .bss.int_counter
                0x0080007e        0x2 SERVICES/DELAY/DELAY_MS.o
                0x0080007e                int_counter
 *(COMMON)
                0x00800080                PROVIDE (__bss_end, .)
                0x00001048                __data_load_start = LOADADDR (.data)
                0x00001056                __data_load_end = (__data_load_start + SIZEOF (.data))

.noinit         0x00800080        0x0
                [!provide]                PROVIDE (__noinit_start, .)
 *(.noinit*)
                [!provide]                PROVIDE (__noinit_end, .)
                0x00800080                _end = .
                [!provide]                PROVIDE (__heap_start, .)

.eeprom         0x00810000        0x0
 *(.eeprom*)
                0x00810000                __eeprom_end = .

.fuse
 *(.fuse)
 *(.lfuse)
 *(.hfuse)
 *(.efuse)

.lock
 *(.lock*)

.signature
 *(.signature*)

.user_signatures
 *(.user_signatures*)

.stab
 *(.stab)

.stabstr
 *(.stabstr)

.stab.excl
 *(.stab.excl)

.stab.exclstr
 *(.stab.exclstr)

.stab.index
 *(.stab.index)

.stab.indexstr
 *(.stab.indexstr)

.comment        0x00000000       0x30
 *(.comment)
 .comment       0x00000000       0x30 APPLICATION/APP.o
                                 0x31 (size before relaxing)
 .comment       0x00000030       0x31 ECUAL/BUTTON/BUTTON.o
 .comment       0x00000030       0x31 ECUAL/KEYPAD/KEYPAD.o
 .comment       0x00000030       0x31 ECUAL/LCD/LCD.o
 .comment       0x00000030       0x31 ECUAL/SEVEN_SEG/SEVEN_SEG.o
 .comment       0x00000030       0x31 main.o
 .comment       0x00000030       0x31 MCAL/DIO/DIO.o
 .comment       0x00000030       0x31 MCAL/EX_INTERRUPT/EX_INTERRUPT.o
 .comment       0x00000030       0x31 MCAL/TIMER/TIMER0.o
 .comment       0x00000030       0x31 MCAL/TIMER/TIMER1.o
 .comment       0x00000030       0x31 MCAL/TIMER/TIMER2.o
 .comment       0x00000030       0x31 SERVICES/DELAY/DELAY_MS.o

.note.gnu.avr.deviceinfo
                0x00000000       0x3c
 .note.gnu.avr.deviceinfo
                0x00000000       0x3c C:/Program Files (x86)/Atmel/Studio/7.0/Packs/atmel/ATmega_DFP/1.7.374/gcc/dev/atmega32/avr5/crtatmega32.o

.note.gnu.build-id
 *(.note.gnu.build-id)

.debug
 *(.debug)

.line
 *(.line)

.debug_srcinfo
 *(.debug_srcinfo)

.debug_sfnames
 *(.debug_sfnames)

.debug_aranges  0x00000000      0x280
 *(.debug_aranges)
 .debug_aranges
                0x00000000       0x38 APPLICATION/APP.o
 .debug_aranges
                0x00000038       0x28 ECUAL/BUTTON/BUTTON.o
 .debug_aranges
                0x00000060       0x28 ECUAL/KEYPAD/KEYPAD.o
 .debug_aranges
                0x00000088       0x40 ECUAL/LCD/LCD.o
 .debug_aranges
                0x000000c8       0x30 ECUAL/SEVEN_SEG/SEVEN_SEG.o
 .debug_aranges
                0x000000f8       0x20 main.o
 .debug_aranges
                0x00000118       0x48 MCAL/DIO/DIO.o
 .debug_aranges
                0x00000160       0x38 MCAL/EX_INTERRUPT/EX_INTERRUPT.o
 .debug_aranges
                0x00000198       0x40 MCAL/TIMER/TIMER0.o
 .debug_aranges
                0x000001d8       0x40 MCAL/TIMER/TIMER1.o
 .debug_aranges
                0x00000218       0x40 MCAL/TIMER/TIMER2.o
 .debug_aranges
                0x00000258       0x28 SERVICES/DELAY/DELAY_MS.o

.debug_pubnames
 *(.debug_pubnames)

.debug_info     0x00000000     0x276c
 *(.debug_info .gnu.linkonce.wi.*)
 .debug_info    0x00000000      0x4e6 C:/Program Files (x86)/Atmel/Studio/7.0/Packs/atmel/ATmega_DFP/1.7.374/gcc/dev/atmega32/avr5/crtatmega32.o
 .debug_info    0x000004e6      0x424 APPLICATION/APP.o
 .debug_info    0x0000090a      0x1f8 ECUAL/BUTTON/BUTTON.o
 .debug_info    0x00000b02      0x698 ECUAL/KEYPAD/KEYPAD.o
 .debug_info    0x0000119a      0x9b4 ECUAL/LCD/LCD.o
 .debug_info    0x00001b4e      0x311 ECUAL/SEVEN_SEG/SEVEN_SEG.o
 .debug_info    0x00001e5f       0xa6 main.o
 .debug_info    0x00001f05      0x281 MCAL/DIO/DIO.o
 .debug_info    0x00002186      0x17e MCAL/EX_INTERRUPT/EX_INTERRUPT.o
 .debug_info    0x00002304      0x11d MCAL/TIMER/TIMER0.o
 .debug_info    0x00002421      0x12d MCAL/TIMER/TIMER1.o
 .debug_info    0x0000254e      0x11d MCAL/TIMER/TIMER2.o
 .debug_info    0x0000266b      0x101 SERVICES/DELAY/DELAY_MS.o

.debug_abbrev   0x00000000      0xe2d
 *(.debug_abbrev)
 .debug_abbrev  0x00000000      0x4a3 C:/Program Files (x86)/Atmel/Studio/7.0/Packs/atmel/ATmega_DFP/1.7.374/gcc/dev/atmega32/avr5/crtatmega32.o
 .debug_abbrev  0x000004a3      0x11d APPLICATION/APP.o
 .debug_abbrev  0x000005c0       0xca ECUAL/BUTTON/BUTTON.o
 .debug_abbrev  0x0000068a       0xe5 ECUAL/KEYPAD/KEYPAD.o
 .debug_abbrev  0x0000076f      0x11b ECUAL/LCD/LCD.o
 .debug_abbrev  0x0000088a       0xf6 ECUAL/SEVEN_SEG/SEVEN_SEG.o
 .debug_abbrev  0x00000980       0x65 main.o
 .debug_abbrev  0x000009e5       0xb0 MCAL/DIO/DIO.o
 .debug_abbrev  0x00000a95       0xb5 MCAL/EX_INTERRUPT/EX_INTERRUPT.o
 .debug_abbrev  0x00000b4a       0xbc MCAL/TIMER/TIMER0.o
 .debug_abbrev  0x00000c06       0xb5 MCAL/TIMER/TIMER1.o
 .debug_abbrev  0x00000cbb       0xb5 MCAL/TIMER/TIMER2.o
 .debug_abbrev  0x00000d70       0xbd SERVICES/DELAY/DELAY_MS.o

.debug_line     0x00000000     0x1694
 *(.debug_line .debug_line.* .debug_line_end)
 .debug_line    0x00000000      0x116 C:/Program Files (x86)/Atmel/Studio/7.0/Packs/atmel/ATmega_DFP/1.7.374/gcc/dev/atmega32/avr5/crtatmega32.o
 .debug_line    0x00000116      0x3bb APPLICATION/APP.o
 .debug_line    0x000004d1       0xd1 ECUAL/BUTTON/BUTTON.o
 .debug_line    0x000005a2      0x21b ECUAL/KEYPAD/KEYPAD.o
 .debug_line    0x000007bd      0x480 ECUAL/LCD/LCD.o
 .debug_line    0x00000c3d      0x126 ECUAL/SEVEN_SEG/SEVEN_SEG.o
 .debug_line    0x00000d63       0x65 main.o
 .debug_line    0x00000dc8      0x28d MCAL/DIO/DIO.o
 .debug_line    0x00001055      0x1db MCAL/EX_INTERRUPT/EX_INTERRUPT.o
 .debug_line    0x00001230      0x110 MCAL/TIMER/TIMER0.o
 .debug_line    0x00001340      0x13b MCAL/TIMER/TIMER1.o
 .debug_line    0x0000147b      0x12f MCAL/TIMER/TIMER2.o
 .debug_line    0x000015aa       0xea SERVICES/DELAY/DELAY_MS.o

.debug_frame    0x00000000      0x59c
 *(.debug_frame)
 .debug_frame   0x00000000       0x5c APPLICATION/APP.o
 .debug_frame   0x0000005c       0x40 ECUAL/BUTTON/BUTTON.o
 .debug_frame   0x0000009c       0x34 ECUAL/KEYPAD/KEYPAD.o
 .debug_frame   0x000000d0       0xb0 ECUAL/LCD/LCD.o
 .debug_frame   0x00000180       0x50 ECUAL/SEVEN_SEG/SEVEN_SEG.o
 .debug_frame   0x000001d0       0x24 main.o
 .debug_frame   0x000001f4       0x74 MCAL/DIO/DIO.o
 .debug_frame   0x00000268      0x12c MCAL/EX_INTERRUPT/EX_INTERRUPT.o
 .debug_frame   0x00000394       0x70 MCAL/TIMER/TIMER0.o
 .debug_frame   0x00000404       0xac MCAL/TIMER/TIMER1.o
 .debug_frame   0x000004b0       0xac MCAL/TIMER/TIMER2.o
 .debug_frame   0x0000055c       0x40 SERVICES/DELAY/DELAY_MS.o

.debug_str      0x00000000      0x8d0
 *(.debug_str)
 .debug_str     0x00000000      0x196 C:/Program Files (x86)/Atmel/Studio/7.0/Packs/atmel/ATmega_DFP/1.7.374/gcc/dev/atmega32/avr5/crtatmega32.o
 .debug_str     0x00000196      0x300 APPLICATION/APP.o
                                0x314 (size before relaxing)
 .debug_str     0x00000496       0x6c ECUAL/BUTTON/BUTTON.o
                                0x221 (size before relaxing)
 .debug_str     0x00000502       0x39 ECUAL/KEYPAD/KEYPAD.o
                                0x22c (size before relaxing)
 .debug_str     0x0000053b       0x3d ECUAL/LCD/LCD.o
                                0x269 (size before relaxing)
 .debug_str     0x00000578       0x73 ECUAL/SEVEN_SEG/SEVEN_SEG.o
                                0x29c (size before relaxing)
 .debug_str     0x000005eb       0x11 main.o
                                0x16c (size before relaxing)
 .debug_str     0x000005fc       0x43 MCAL/DIO/DIO.o
                                0x256 (size before relaxing)
 .debug_str     0x0000063f       0xe3 MCAL/EX_INTERRUPT/EX_INTERRUPT.o
                                0x234 (size before relaxing)
 .debug_str     0x00000722       0x7f MCAL/TIMER/TIMER0.o
                                0x1db (size before relaxing)
 .debug_str     0x000007a1       0x7e MCAL/TIMER/TIMER1.o
                                0x1e3 (size before relaxing)
 .debug_str     0x0000081f       0x6a MCAL/TIMER/TIMER2.o
                                0x1da (size before relaxing)
 .debug_str     0x00000889       0x47 SERVICES/DELAY/DELAY_MS.o
                                0x1ca (size before relaxing)

.debug_loc      0x00000000      0xc62
 *(.debug_loc)
 .debug_loc     0x00000000       0x61 APPLICATION/APP.o
 .debug_loc     0x00000061       0xc9 ECUAL/BUTTON/BUTTON.o
 .debug_loc     0x0000012a      0x256 ECUAL/LCD/LCD.o
 .debug_loc     0x00000380       0x87 ECUAL/SEVEN_SEG/SEVEN_SEG.o
 .debug_loc     0x00000407      0x2fd MCAL/DIO/DIO.o
 .debug_loc     0x00000704      0x2b4 MCAL/EX_INTERRUPT/EX_INTERRUPT.o
 .debug_loc     0x000009b8       0x5c MCAL/TIMER/TIMER0.o
 .debug_loc     0x00000a14       0xf1 MCAL/TIMER/TIMER1.o
 .debug_loc     0x00000b05       0xf8 MCAL/TIMER/TIMER2.o
 .debug_loc     0x00000bfd       0x65 SERVICES/DELAY/DELAY_MS.o

.debug_macinfo
 *(.debug_macinfo)

.debug_weaknames
 *(.debug_weaknames)

.debug_funcnames
 *(.debug_funcnames)

.debug_typenames
 *(.debug_typenames)

.debug_varnames
 *(.debug_varnames)

.debug_pubtypes
 *(.debug_pubtypes)

.debug_ranges   0x00000000      0x1c0
 *(.debug_ranges)
 .debug_ranges  0x00000000       0x28 APPLICATION/APP.o
 .debug_ranges  0x00000028       0x18 ECUAL/BUTTON/BUTTON.o
 .debug_ranges  0x00000040       0x18 ECUAL/KEYPAD/KEYPAD.o
 .debug_ranges  0x00000058       0x30 ECUAL/LCD/LCD.o
 .debug_ranges  0x00000088       0x20 ECUAL/SEVEN_SEG/SEVEN_SEG.o
 .debug_ranges  0x000000a8       0x10 main.o
 .debug_ranges  0x000000b8       0x38 MCAL/DIO/DIO.o
 .debug_ranges  0x000000f0       0x28 MCAL/EX_INTERRUPT/EX_INTERRUPT.o
 .debug_ranges  0x00000118       0x30 MCAL/TIMER/TIMER0.o
 .debug_ranges  0x00000148       0x30 MCAL/TIMER/TIMER1.o
 .debug_ranges  0x00000178       0x30 MCAL/TIMER/TIMER2.o
 .debug_ranges  0x000001a8       0x18 SERVICES/DELAY/DELAY_MS.o

.debug_macro
 *(.debug_macro)
OUTPUT(Digital_clock.elf elf32-avr)
LOAD linker stubs
